>>> func(1,2)
1
2
3
4
0
0
10
>>> func(5,6)
5
6
3
4
0
0
18
>>> func(10, 20, 30, 40)
10
20
30
40
0
0
100
>>> func(10, 20, 30, 40, 50, 60, 70)
10
20
30
40
3
0
100
>>> func(11, 22, c=33, d=44)
11
22
33
44
0
0
110
>>> func(11, 22, e=55, f=66)
11
22
3
4
0
2
40
